// Jest Snapshot v1, https://goo.gl/fbAQLP

exports[`it should render About render 1`] = `
<div>
  <h1>
    <Link
      replace={false}
      to="/"
    >
      HTC Corporation
    </Link>
  </h1>
  <p
    className="bio"
  >
    Doloremque donec. Eros posuere adipiscing, incidunt, lectus quis, incidunt esse sem, suspendisse, quibusdam consequatur! Occaecat! Sollicitudin? Adipisicing quae lorem commodo aperiam. Officia quaerat minim explicabo reprehenderit incididunt aptent, aut blandit montes. Tristique magna quaerat ante irure euismod natoque viverra autem, faucibus, cupiditate wisi rem interdum aliquet soluta diamlorem elit convallis quibusdam malesuada montes, maiores voluptate asperiores? Ipsa quam laborum, aptent! Dui exercitation nobis? Ea! Sociosqu? Labore dictum dolor distinctio arcu, atque dignissimos harum nulla! Pariatur pulvinar curabitur totam nemo aute ad officia eu consectetur, voluptatem, blandit earum perspiciatis aspernatur rerum, primis potenti. Sapien class cubilia, etiam, eiusmod debitis, explicabo voluptates.
  </p>
</div>
`;
